
> app@0.1.0 build
> next build

Ôû▓ Next.js 16.1.6 (Turbopack)
- Environments: .env

node.exe : ÔÜá The "middleware" file convention is 
deprecated. Please use "proxy" instead. Learn more: 
https://nextjs.org/docs/messages/middleware-to-proxy
No C:\Program Files\nodejs\npm.ps1:29 caractere:3
+   & $NODE_EXE $NPM_CLI_JS $args
+   ~~~~~~~~~~~~~~~~~~~~~~~~~~~~~
    + CategoryInfo          : NotSpecified: (ÔÜá The 
"mi    ddle...leware-to-proxy:String) [], 
RemoteException
    + FullyQualifiedErrorId : NativeCommandError
 
  Creating an optimized production build ...
Ô£ô Compiled successfully in 10.6s
  Running TypeScript ...
  Collecting page data using 11 workers ...
  Generating static pages using 11 workers (0/25) ...
  Generating static pages using 11 workers (6/25) 
  Generating static pages using 11 workers (12/25) 
  Generating static pages using 11 workers (18/25) 
Ô£ô Generating static pages using 11 workers (25/25) in 3.8s
  Finalizing page optimization ...

Route (app)
Ôöî Ôùï /
Ôö£ Ôùï /_not-found
Ôö£ Ôùï /admin
Ôö£ Ôùï /admin/categorias
Ôö£ Ôùï /admin/pedidos
Ôö£ Ôùï /admin/produtos
Ôö£ ãÆ /admin/produtos/[id]
Ôö£ ãÆ /api/admin/orders
Ôö£ ãÆ /api/admin/orders/[id]
Ôö£ ãÆ /api/auth/login
Ôö£ ãÆ /api/auth/logout
Ôö£ ãÆ /api/auth/me
Ôö£ ãÆ /api/auth/register
Ôö£ ãÆ /api/categories
Ôö£ ãÆ /api/categories/[id]
Ôö£ ãÆ /api/checkout
Ôö£ ãÆ /api/orders/me
Ôö£ ãÆ /api/products
Ôö£ ãÆ /api/products/[id]
Ôö£ ãÆ /api/webhooks/stripe
Ôö£ Ôùï /cadastro
Ôö£ Ôùï /carrinho
Ôö£ Ôùï /checkout/erro
Ôö£ Ôùï /checkout/sucesso
Ôö£ Ôùï /login
Ôö£ Ôùï /minha-conta
Ôö£ ãÆ /produtos
Ôöö ãÆ /produtos/[slug]


ãÆ Proxy (Middleware)

Ôùï  (Static)   prerendered as static content
ãÆ  (Dynamic)  server-rendered on demand

